Query Detail — PID 1001
────────────────────────────────────────────────────────────────────────────────────────────────────────────────────────
SELECT COUNT(*) FROM orders WHERE created_at > NOW() - INTERVAL '1 day' AND status = 'pending'



































────────────────────────────────────────────────────────────────────────────────────────────────────────────────────────
[any key] close