                                                                                                                        
                                                                                                                        
                                                                                                                        
                                                                                                                        
                                                                                                                        
                                                                                                                        
                                                                                                                        
                                                                                                                        
                                                                                                                        
                                                                                                                        
                                                                                                                        
                                  ╭──────────────────────────────────────────────────╮                                  
                                  │                                                  │                                  
                                  │   pgincident v0.1.0                              │                                  
                                  │                                                  │                                  
                                  │     q / Ctrl-C    quit                           │                                  
                                  │     o             overview / dashboard toggle    │                                  
                                  │     Tab           next section                   │                                  
                                  │     Shift-Tab     previous section               │                                  
                                  │     ↑ / k         cursor up                      │                                  
                                  │     ↓ / j         cursor down                    │                                  
                                  │     Enter         query detail overlay           │                                  
                                  │     + / -         increase / decrease interval   │                                  
                                  │     ?             this help                      │                                  
                                  │                                                  │                                  
                                  │   press any key to close                         │                                  
                                  │                                                  │                                  
                                  ╰──────────────────────────────────────────────────╯                                  
                                                                                                                        
                                                                                                                        
                                                                                                                        
                                                                                                                        
                                                                                                                        
                                                                                                                        
                                                                                                                        
                                                                                                                        
                                                                                                                        
                                                                                                                        
                                                                                                                        
                                                                                                                        