                                                                                                                        
                                                                                                                        
                                                                                                                        
                                                                                                                        
                                                                                                                        
                                                                                                                        
                                                                                                                        
                                                                                                                        
                                                                                                                        
                                                                                                                        
                                                                                                                        
                                                                                                                        
                   ╭────────────────────────────────────────────────────────────────────────────────╮                   
                   │                                                                                │                   
                   │   Query Detail — PID 1001                                                      │                   
                   │                                                                                │                   
                   │     User:      alice                                                           │                   
                   │     Duration:  00:00:12.00                                                     │                   
                   │     State:     active                                                          │                   
                   │                                                                                │                   
                   │   ╭────────────────────────────────────────────────────────────────────────╮   │                   
                   │   │ SELECT count(*) FROM orders WHERE created_at > NOW() - INTERVAL '1     │   │                   
                   │   │ day' AND status = 'pending'                                            │   │                   
                   │   ╰────────────────────────────────────────────────────────────────────────╯   │                   
                   │                                                                                │                   
                   │   press any key to close                                                       │                   
                   │                                                                                │                   
                   ╰────────────────────────────────────────────────────────────────────────────────╯                   
                                                                                                                        
                                                                                                                        
                                                                                                                        
                                                                                                                        
                                                                                                                        
                                                                                                                        
                                                                                                                        
                                                                                                                        
                                                                                                                        
                                                                                                                        
                                                                                                                        
                                                                                                                        