pgincident vdev                                                      connected: localhost:5432 (PG 16.1)  interval: 1.0s
────────────────────────────────────────────────────────────────────────────────────────────────────────────────────────
  DB Health Overview
────────────────────────────────────────────────────────────────────────────────────────────────────────────────────────

  Metric                Value                 Status
  ──────────────────────────────────────────────────
  Connections           3 / 100 (3%)          OK
  TPS                   —                     OK
  Cache hit             99.0%                 OK
  Checkpoints           req: 0                OK
  Autovacuum            0 workers             OK

────────────────────────────────────────────────────────────────────────────────────────────────────────────────────────
[o]dashboard  [q]uit  [+/-]interval  [?]help